// Vitest Snapshot v1, https://vitest.dev/guide/snapshot.html

exports[`App > Renders app properly 1`] = `undefined`;
